--- Startup times for process: Primary (or UI client) ---

times in msec
 clock   self+sourced   self:  sourced script
 clock   elapsed:              other lines

000.001  000.001: --- NVIM STARTING ---
000.176  000.176: event init
000.270  000.094: early init
000.326  000.056: locale set
000.375  000.049: init first window
000.755  000.380: inits 1
000.769  000.014: window checked
000.772  000.003: parsing arguments
001.277  000.051  000.051: require('vim._core.shared')
001.363  000.006  000.006: require('string.buffer')
001.391  000.054  000.048: require('vim.inspect')
001.444  000.044  000.044: require('vim._core.options')
001.450  000.166  000.068: require('vim._core.editor')
001.490  000.038  000.038: require('vim._core.system')
001.491  000.283  000.028: require('vim._init_packages')
001.492  000.437: init lua interpreter
001.552  000.060: expanding arguments
001.574  000.022: inits 2
001.853  000.279: init highlight
001.868  000.015: clear screen
001.994  000.011  000.011: require('vim.keymap')
002.700  000.127  000.127: sourcing nvim_exec2()
002.810  000.940  000.802: require('vim._core.defaults')
002.812  000.004: init default mappings & autocommands
003.369  000.043  000.043: sourcing /home/frerebo/installations/nvim-linux-x86_64/share/nvim/runtime/ftplugin.vim
003.434  000.022  000.022: sourcing /home/frerebo/installations/nvim-linux-x86_64/share/nvim/runtime/indent.vim
004.400  000.653  000.653: require('lazy')
004.422  000.012  000.012: require('ffi')
004.475  000.031  000.031: require('vim.fs')
004.594  000.116  000.116: require('vim.uri')
004.605  000.181  000.033: require('vim.loader')
004.726  000.105  000.105: require('lazy.stats')
004.839  000.095  000.095: require('lazy.core.util')
004.947  000.107  000.107: require('lazy.core.config')
005.153  000.068  000.068: require('lazy.core.handler')
005.421  000.080  000.080: require('lazy.pkg')
005.426  000.180  000.100: require('lazy.core.meta')
005.434  000.279  000.099: require('lazy.core.plugin')
005.439  000.490  000.143: require('lazy.core.loader')
006.002  000.149  000.149: require('lazy.async')
006.230  000.139  000.139: require('lazy.manage.process')
006.423  000.192  000.192: require('lazy.terminal')
006.430  000.425  000.094: require('lazy.manage.task')
006.433  000.664  000.090: require('lazy.manage.runner')
006.437  000.771  000.107: require('lazy.manage')
006.440  000.880  000.109: require('lazy.view.commands')
006.612  000.136  000.136: require('lazy.core.fragments')
010.801  000.082  000.082: require('lazy.core.handler.cmd')
010.915  000.068  000.068: require('lazy.core.handler.event')
010.918  000.111  000.043: require('lazy.core.handler.ft')
010.990  000.066  000.066: require('lazy.core.handler.keys')
011.334  000.005  000.005: sourcing nvim_exec2() called at /home/frerebo/.config/nvim/init.lua:0
011.352  000.001  000.001: sourcing nvim_exec2() called at /home/frerebo/.config/nvim/init.lua:0
011.709  000.138  000.138: sourcing nvim_exec2() called at /home/frerebo/installations/nvim-linux-x86_64/share/nvim/runtime/filetype.lua:0
011.716  000.234  000.096: sourcing /home/frerebo/installations/nvim-linux-x86_64/share/nvim/runtime/filetype.lua
011.720  000.275  000.040: sourcing nvim_exec2() called at /home/frerebo/.config/nvim/init.lua:0
011.825  000.003  000.003: sourcing nvim_exec2() called at /home/frerebo/.config/nvim/init.lua:0
011.837  000.001  000.001: sourcing nvim_exec2() called at /home/frerebo/.config/nvim/init.lua:0
012.337  000.497  000.497: require('onedark')
013.433  000.053  000.053: require('onedark')
013.671  000.213  000.213: sourcing nvim_exec2() called at /home/frerebo/.local/share/nvim/lazy/onedark.nvim/colors/onedark.lua:0
013.798  000.119  000.119: sourcing nvim_exec2() called at /home/frerebo/.local/share/nvim/lazy/onedark.nvim/colors/onedark.lua:0
014.673  000.409  000.409: require('onedark.palette')
014.734  000.586  000.177: require('onedark.colors')
014.820  000.083  000.083: require('onedark.util')
014.888  001.079  000.411: require('onedark.highlights')
016.757  000.111  000.111: require('onedark.terminal')
016.767  003.532  001.957: sourcing /home/frerebo/.local/share/nvim/lazy/onedark.nvim/colors/onedark.lua
016.925  000.003  000.003: sourcing nvim_exec2() called at /home/frerebo/.config/nvim/init.lua:0
016.934  000.001  000.001: sourcing nvim_exec2() called at /home/frerebo/.config/nvim/init.lua:0
016.943  000.001  000.001: sourcing nvim_exec2() called at /home/frerebo/.config/nvim/init.lua:0
016.950  000.001  000.001: sourcing nvim_exec2() called at /home/frerebo/.config/nvim/init.lua:0
017.354  000.038  000.038: require('mason-core.path')
017.462  000.062  000.062: require('mason-core.functional')
017.545  000.033  000.033: require('mason-core.functional.data')
017.549  000.074  000.041: require('mason-core.functional.function')
017.595  000.037  000.037: require('mason-core.functional.relation')
017.686  000.086  000.086: require('mason-core.functional.logic')
017.705  000.348  000.089: require('mason-core.platform')
017.775  000.069  000.069: require('mason.settings')
017.777  000.824  000.369: require('mason')
017.864  000.048  000.048: require('mason-core.log')
017.895  000.029  000.029: require('mason-lspconfig.settings')
017.897  000.119  000.042: require('mason-lspconfig')
018.275  000.065  000.065: require('mason-core.functional.list')
018.339  000.060  000.060: require('mason-core.functional.string')
018.359  000.219  000.093: require('mason.api.command')
018.421  000.057  000.057: require('mason-registry.sources')
018.641  000.035  000.035: require('mason-lspconfig.notify')
018.646  000.114  000.079: require('mason-lspconfig.lspconfig_hook')
019.170  000.004  000.004: sourcing nvim_exec2() called at /home/frerebo/.config/nvim/init.lua:0
019.183  000.001  000.001: sourcing nvim_exec2() called at /home/frerebo/.config/nvim/init.lua:0
019.353  000.002  000.002: sourcing nvim_exec2() called at /home/frerebo/.config/nvim/init.lua:0
019.361  000.001  000.001: sourcing nvim_exec2() called at /home/frerebo/.config/nvim/init.lua:0
020.288  000.041  000.041: sourcing /home/frerebo/.local/share/nvim/lazy/plenary.nvim/plugin/plenary.vim
020.294  000.075  000.034: sourcing nvim_exec2() called at /home/frerebo/.config/nvim/init.lua:0
020.300  000.002  000.002: sourcing nvim_exec2() called at /home/frerebo/.config/nvim/init.lua:0
020.309  000.001  000.001: sourcing nvim_exec2() called at /home/frerebo/.config/nvim/init.lua:0
020.734  000.054  000.054: require('plenary.bit')
020.783  000.046  000.046: require('plenary.functional')
020.809  000.419  000.319: require('plenary.path')
020.922  000.008  000.008: require('vim.F')
020.942  001.225  000.720: require('plenary.log')
020.964  001.284  000.059: require('lsp-file-operations.log')
020.966  001.550  000.266: require('lsp-file-operations')
021.528  000.036  000.036: sourcing /home/frerebo/.local/share/nvim/lazy/nvim-web-devicons/plugin/nvim-web-devicons.vim
021.537  000.086  000.050: sourcing nvim_exec2() called at /home/frerebo/.config/nvim/init.lua:0
021.543  000.002  000.002: sourcing nvim_exec2() called at /home/frerebo/.config/nvim/init.lua:0
021.557  000.001  000.001: sourcing nvim_exec2() called at /home/frerebo/.config/nvim/init.lua:0
021.568  000.001  000.001: sourcing nvim_exec2() called at /home/frerebo/.config/nvim/init.lua:0
021.576  000.001  000.001: sourcing nvim_exec2() called at /home/frerebo/.config/nvim/init.lua:0
021.588  000.004  000.004: sourcing nvim_exec2() called at /home/frerebo/.config/nvim/init.lua:0
021.591  000.002  000.002: sourcing nvim_exec2() called at /home/frerebo/.config/nvim/init.lua:0
022.172  000.081  000.081: require('nvim-tree.log')
022.499  000.092  000.092: require('nvim-tree.notify')
022.504  000.191  000.099: require('nvim-tree.events')
022.716  000.093  000.093: require('nvim-tree.iterators.node-iterator')
022.748  000.242  000.149: require('nvim-tree.utils')
022.766  000.592  000.158: require('nvim-tree.view')
023.038  000.052  000.052: require('nvim-tree.core')
023.187  000.079  000.079: require('nvim-tree.git.utils')
023.234  000.045  000.045: require('nvim-tree.renderer.components.devicons')
023.362  000.055  000.055: require('nvim-tree.classic')
023.501  000.265  000.210: require('nvim-tree.node')
023.507  000.467  000.078: require('nvim-tree.node.directory')
023.512  000.587  000.068: require('nvim-tree.actions.finders.find-file')
023.577  000.063  000.063: require('nvim-tree.actions.finders.search-node')
023.578  000.700  000.050: require('nvim-tree.actions.finders')
023.746  000.065  000.065: require('nvim-tree.node.file')
023.748  000.117  000.053: require('nvim-tree.actions.fs.create-file')
023.887  000.074  000.074: require('nvim-tree.lib')
024.024  000.087  000.087: require('nvim-tree.node.link')
024.053  000.164  000.077: require('nvim-tree.node.directory-link')
024.059  000.310  000.072: require('nvim-tree.actions.fs.remove-file')
024.232  000.171  000.171: require('nvim-tree.actions.fs.rename-file')
024.391  000.158  000.158: require('nvim-tree.actions.fs.trash')
024.400  000.820  000.064: require('nvim-tree.actions.fs')
024.847  000.168  000.168: require('nvim-tree.diagnostics')
024.853  000.330  000.162: require('nvim-tree.actions.moves.item')
024.888  000.033  000.033: require('nvim-tree.actions.moves.parent')
024.922  000.033  000.033: require('nvim-tree.actions.moves.sibling')
024.924  000.523  000.126: require('nvim-tree.actions.moves')
024.998  000.036  000.036: require('nvim-tree.actions.node.file-popup')
025.052  000.052  000.052: require('nvim-tree.actions.node.open-file')
025.086  000.033  000.033: require('nvim-tree.actions.node.run-command')
025.123  000.036  000.036: require('nvim-tree.actions.node.system-open')
025.125  000.200  000.044: require('nvim-tree.actions.node')
025.212  000.051  000.051: require('nvim-tree.actions.root.change-dir')
025.246  000.032  000.032: require('nvim-tree.actions.root.dir-up')
025.248  000.122  000.038: require('nvim-tree.actions.root')
025.316  000.032  000.032: require('nvim-tree.actions.tree.find-file')
025.381  000.031  000.031: require('nvim-tree.actions.tree.modifiers.collapse-all')
025.416  000.033  000.033: require('nvim-tree.actions.tree.modifiers.expand-all')
025.418  000.100  000.036: require('nvim-tree.actions.tree.modifiers')
025.454  000.035  000.035: require('nvim-tree.actions.tree.open')
025.515  000.059  000.059: require('nvim-tree.actions.tree.toggle')
025.556  000.039  000.039: require('nvim-tree.actions.tree.resize')
025.558  000.308  000.042: require('nvim-tree.actions.tree')
025.559  002.791  000.118: require('nvim-tree.actions')
025.787  000.222  000.222: require('vim.diagnostic')
025.800  004.207  000.521: require('nvim-tree')
025.866  000.056  000.056: require('nvim-tree.legacy')
025.947  000.045  000.045: require('vim.health')
025.949  000.080  000.035: require('vim.deprecated.health')
026.177  000.059  000.059: require('vim.iter')
027.065  000.014  000.014: sourcing nvim_exec2() called at /home/frerebo/.config/nvim/init.lua:0
027.075  000.005  000.005: sourcing nvim_exec2() called at /home/frerebo/.config/nvim/init.lua:0
027.145  000.056  000.056: require('nvim-tree.keymap')
027.220  000.072  000.072: require('nvim-tree.appearance')
027.737  000.032  000.032: require('nvim-tree.buffers')
027.873  000.060  000.060: require('nvim-tree.git.runner')
027.930  000.056  000.056: require('nvim-tree.watcher')
027.937  000.197  000.081: require('nvim-tree.git')
028.026  000.052  000.052: require('nvim-tree.node.file-link')
028.028  000.090  000.038: require('nvim-tree.node.factory')
028.077  000.048  000.048: require('nvim-tree.node.root')
028.165  000.031  000.031: require('nvim-tree.enum')
028.170  000.091  000.059: require('nvim-tree.explorer.filters')
028.234  000.063  000.063: require('nvim-tree.marks')
028.293  000.058  000.058: require('nvim-tree.explorer.live-filter')
028.395  000.101  000.101: require('nvim-tree.explorer.sorter')
028.531  000.133  000.133: require('nvim-tree.actions.fs.clipboard')
028.830  000.074  000.074: require('nvim-tree.renderer.decorator')
028.841  000.151  000.077: require('nvim-tree.renderer.decorator.bookmarks')
028.910  000.068  000.068: require('nvim-tree.renderer.decorator.copied')
028.969  000.057  000.057: require('nvim-tree.renderer.decorator.cut')
029.038  000.068  000.068: require('nvim-tree.renderer.decorator.diagnostics')
029.119  000.079  000.079: require('nvim-tree.renderer.decorator.git')
029.173  000.053  000.053: require('nvim-tree.renderer.decorator.modified')
029.267  000.092  000.092: require('nvim-tree.renderer.decorator.hidden')
029.320  000.051  000.051: require('nvim-tree.renderer.decorator.opened')
029.404  000.083  000.083: require('nvim-tree.renderer.components.padding')
029.411  000.805  000.103: require('nvim-tree.renderer.builder')
029.418  000.885  000.080: require('nvim-tree.renderer')
029.435  001.799  000.103: require('nvim-tree.explorer')
029.522  000.086  000.086: require('nvim-tree.explorer.watch')
029.643  000.062  000.062: require('nvim-tree.renderer.components.full-name')
029.646  000.118  000.056: require('nvim-tree.renderer.components')
031.491  001.676  001.676: require('nvim-web-devicons.icons-default')
031.664  002.016  000.341: require('nvim-web-devicons')
034.165  000.062  000.062: require('nvim-tree.help')
034.256  000.038  000.038: require('nvim-tree.appearance.hi-test')
034.294  000.126  000.088: require('nvim-tree.api')
034.399  000.050  000.050: require('nvim-tree.commands')
034.510  013.522  004.617: require('nvim-tree.api')
035.989  000.004  000.004: sourcing nvim_exec2() called at /home/frerebo/.config/nvim/init.lua:0
036.000  000.001  000.001: sourcing nvim_exec2() called at /home/frerebo/.config/nvim/init.lua:0
036.277  000.263  000.263: require('neodev')
036.316  000.035  000.035: require('neodev.config')
036.387  000.032  000.032: require('neodev.util')
036.389  000.067  000.035: require('neodev.lsp')
037.003  000.440  000.440: require('vim.lsp.protocol')
037.046  000.526  000.086: require('vim.lsp.log')
037.196  000.147  000.147: require('vim.lsp.util')
037.278  000.034  000.034: require('vim.lsp.sync')
037.282  000.083  000.049: require('vim.lsp._changetracking')
037.373  000.039  000.039: require('vim.lsp._transport')
037.379  000.004  000.004: require('vim._core.stringbuffer')
037.386  000.103  000.059: require('vim.lsp.rpc')
037.453  001.018  000.159: require('vim.lsp')
037.522  001.131  000.113: require('lspconfig.util')
037.805  000.056  000.056: sourcing /home/frerebo/.local/share/nvim/lazy/nvim-lspconfig/plugin/lspconfig.lua
037.811  000.092  000.036: sourcing nvim_exec2() called at /home/frerebo/.config/nvim/init.lua:0
037.817  000.002  000.002: sourcing nvim_exec2() called at /home/frerebo/.config/nvim/init.lua:0
037.827  000.001  000.001: sourcing nvim_exec2() called at /home/frerebo/.config/nvim/init.lua:0
037.946  000.030  000.030: require('lspconfig.async')
037.949  000.076  000.046: require('lspconfig.configs')
037.954  000.123  000.048: require('lspconfig')
038.040  000.051  000.051: require('cmp_nvim_lsp.source')
038.042  000.087  000.036: require('cmp_nvim_lsp')
038.133  000.052  000.052: require('mason-core.optional')
038.263  000.044  000.044: require('mason-core.functional.table')
038.314  000.180  000.135: require('mason-lspconfig.mappings.server')
038.421  000.042  000.042: require('mason-core.EventEmitter')
038.566  000.088  000.088: require('mason-core.async')
038.613  000.044  000.044: require('mason-core.async.uv')
038.617  000.194  000.062: require('mason-core.fs')
038.635  000.319  000.083: require('mason-registry')
038.933  000.053  000.053: require('lspconfig.configs.jsonls')
039.378  000.066  000.066: require('lspconfig.manager')
039.441  000.056  000.056: require('lspconfig.configs.pyright')
040.044  000.068  000.068: require('lspconfig.configs.dockerls')
040.413  000.071  000.071: require('lspconfig.configs.clangd')
040.903  000.058  000.058: require('lspconfig.configs.arduino_language_server')
041.214  000.057  000.057: require('lspconfig.configs.html')
041.565  000.060  000.060: require('lspconfig.configs.lua_ls')
041.906  000.075  000.075: require('lspconfig.configs.svelte')
042.191  000.066  000.066: require('lspconfig.configs.prismals')
042.525  000.090  000.090: require('lspconfig.configs.emmet_ls')
042.949  000.067  000.067: require('lspconfig.configs.graphql')
043.271  000.066  000.066: require('lspconfig.configs.bashls')
043.599  000.090  000.090: require('lspconfig.configs.cssls')
043.880  000.074  000.074: require('lspconfig.configs.yamlls')
044.068  025.421  006.966: require('lspconfig.util')
044.123  000.052  000.052: require('mason-lspconfig.server_config_extensions')
044.234  000.110  000.110: require('lspconfig.configs.omnisharp')
044.743  000.060  000.060: require('mason-core.functional.number')
044.765  000.173  000.113: require('mason-lspconfig.api.command')
044.816  000.004  000.004: sourcing nvim_exec2() called at /home/frerebo/.config/nvim/init.lua:0
044.913  000.016  000.016: sourcing /home/frerebo/.local/share/nvim/lazy/sxhkd-vim/ftdetect/sxhkd.vim
044.917  000.052  000.036: sourcing nvim_exec2() called at /home/frerebo/.config/nvim/init.lua:0
044.922  000.001  000.001: sourcing nvim_exec2() called at /home/frerebo/.config/nvim/init.lua:0
045.454  000.217  000.217: sourcing /home/frerebo/.local/share/nvim/lazy/neovim-gui-shim/plugin/nvim_gui_shim.vim
045.459  000.252  000.034: sourcing nvim_exec2() called at /home/frerebo/.config/nvim/init.lua:0
045.466  000.001  000.001: sourcing nvim_exec2() called at /home/frerebo/.config/nvim/init.lua:0
045.490  000.001  000.001: sourcing nvim_exec2() called at /home/frerebo/.config/nvim/init.lua:0
045.746  000.003  000.003: sourcing nvim_exec2() called at /home/frerebo/.config/nvim/init.lua:0
045.761  000.001  000.001: sourcing nvim_exec2() called at /home/frerebo/.config/nvim/init.lua:0
046.298  000.111  000.111: require('lualine_require')
046.762  000.947  000.837: require('lualine')
046.975  000.010  000.010: sourcing nvim_exec2() called at /home/frerebo/.config/nvim/init.lua:0
048.025  000.007  000.007: sourcing nvim_exec2() called at /home/frerebo/.config/nvim/init.lua:0
048.038  000.003  000.003: sourcing nvim_exec2() called at /home/frerebo/.config/nvim/init.lua:0
048.049  000.002  000.002: sourcing nvim_exec2() called at /home/frerebo/.config/nvim/init.lua:0
048.058  000.002  000.002: sourcing nvim_exec2() called at /home/frerebo/.config/nvim/init.lua:0
048.065  000.002  000.002: sourcing nvim_exec2() called at /home/frerebo/.config/nvim/init.lua:0
048.074  000.002  000.002: sourcing nvim_exec2() called at /home/frerebo/.config/nvim/init.lua:0
048.083  000.002  000.002: sourcing nvim_exec2() called at /home/frerebo/.config/nvim/init.lua:0
048.202  000.003  000.003: sourcing nvim_exec2() called at /home/frerebo/.config/nvim/init.lua:0
048.215  000.002  000.002: sourcing nvim_exec2() called at /home/frerebo/.config/nvim/init.lua:0
048.260  000.003  000.003: sourcing nvim_exec2() called at /home/frerebo/.config/nvim/init.lua:0
048.268  000.002  000.002: sourcing nvim_exec2() called at /home/frerebo/.config/nvim/init.lua:0
048.280  000.009  000.009: sourcing nvim_exec2() called at /home/frerebo/.config/nvim/init.lua:0
048.975  000.067  000.067: require('lualine.utils.mode')
049.307  000.007  000.007: sourcing nvim_exec2() called at /home/frerebo/.config/nvim/init.lua:0
049.317  000.004  000.004: sourcing nvim_exec2() called at /home/frerebo/.config/nvim/init.lua:0
049.536  000.006  000.006: sourcing nvim_exec2() called at /home/frerebo/.config/nvim/init.lua:0
049.555  000.002  000.002: sourcing nvim_exec2() called at /home/frerebo/.config/nvim/init.lua:0
049.568  000.002  000.002: sourcing nvim_exec2() called at /home/frerebo/.config/nvim/init.lua:0
049.576  000.002  000.002: sourcing nvim_exec2() called at /home/frerebo/.config/nvim/init.lua:0
049.594  000.002  000.002: sourcing nvim_exec2() called at /home/frerebo/.config/nvim/init.lua:0
049.601  000.002  000.002: sourcing nvim_exec2() called at /home/frerebo/.config/nvim/init.lua:0
049.611  000.002  000.002: sourcing nvim_exec2() called at /home/frerebo/.config/nvim/init.lua:0
049.621  000.002  000.002: sourcing nvim_exec2() called at /home/frerebo/.config/nvim/init.lua:0
049.631  000.002  000.002: sourcing nvim_exec2() called at /home/frerebo/.config/nvim/init.lua:0
049.637  000.002  000.002: sourcing nvim_exec2() called at /home/frerebo/.config/nvim/init.lua:0
049.673  000.002  000.002: sourcing nvim_exec2() called at /home/frerebo/.config/nvim/init.lua:0
049.701  000.002  000.002: sourcing nvim_exec2() called at /home/frerebo/.config/nvim/init.lua:0
049.721  000.002  000.002: sourcing nvim_exec2() called at /home/frerebo/.config/nvim/init.lua:0
049.739  000.002  000.002: sourcing nvim_exec2() called at /home/frerebo/.config/nvim/init.lua:0
049.772  000.003  000.003: sourcing nvim_exec2() called at /home/frerebo/.config/nvim/init.lua:0
049.780  000.002  000.002: sourcing nvim_exec2() called at /home/frerebo/.config/nvim/init.lua:0
049.790  000.002  000.002: sourcing nvim_exec2() called at /home/frerebo/.config/nvim/init.lua:0
049.800  000.002  000.002: sourcing nvim_exec2() called at /home/frerebo/.config/nvim/init.lua:0
049.810  000.002  000.002: sourcing nvim_exec2() called at /home/frerebo/.config/nvim/init.lua:0
049.844  000.003  000.003: sourcing nvim_exec2() called at /home/frerebo/.config/nvim/init.lua:0
049.852  000.002  000.002: sourcing nvim_exec2() called at /home/frerebo/.config/nvim/init.lua:0
050.002  000.007  000.007: sourcing nvim_exec2() called at /home/frerebo/.config/nvim/init.lua:0
050.010  000.002  000.002: sourcing nvim_exec2() called at /home/frerebo/.config/nvim/init.lua:0
050.016  000.002  000.002: sourcing nvim_exec2() called at /home/frerebo/.config/nvim/init.lua:0
050.022  000.004  000.004: sourcing nvim_exec2() called at /home/frerebo/.config/nvim/init.lua:0
050.675  000.006  000.006: sourcing nvim_exec2() called at /home/frerebo/.config/nvim/init.lua:0
050.697  000.002  000.002: sourcing nvim_exec2() called at /home/frerebo/.config/nvim/init.lua:0
050.709  000.002  000.002: sourcing nvim_exec2() called at /home/frerebo/.config/nvim/init.lua:0
050.720  000.002  000.002: sourcing nvim_exec2() called at /home/frerebo/.config/nvim/init.lua:0
050.742  000.002  000.002: sourcing nvim_exec2() called at /home/frerebo/.config/nvim/init.lua:0
050.758  000.002  000.002: sourcing nvim_exec2() called at /home/frerebo/.config/nvim/init.lua:0
050.769  000.002  000.002: sourcing nvim_exec2() called at /home/frerebo/.config/nvim/init.lua:0
050.789  000.002  000.002: sourcing nvim_exec2() called at /home/frerebo/.config/nvim/init.lua:0
050.805  000.002  000.002: sourcing nvim_exec2() called at /home/frerebo/.config/nvim/init.lua:0
050.817  000.002  000.002: sourcing nvim_exec2() called at /home/frerebo/.config/nvim/init.lua:0
050.828  000.002  000.002: sourcing nvim_exec2() called at /home/frerebo/.config/nvim/init.lua:0
050.844  000.002  000.002: sourcing nvim_exec2() called at /home/frerebo/.config/nvim/init.lua:0
050.860  000.002  000.002: sourcing nvim_exec2() called at /home/frerebo/.config/nvim/init.lua:0
050.871  000.002  000.002: sourcing nvim_exec2() called at /home/frerebo/.config/nvim/init.lua:0
050.889  000.002  000.002: sourcing nvim_exec2() called at /home/frerebo/.config/nvim/init.lua:0
050.901  000.002  000.002: sourcing nvim_exec2() called at /home/frerebo/.config/nvim/init.lua:0
050.918  000.002  000.002: sourcing nvim_exec2() called at /home/frerebo/.config/nvim/init.lua:0
050.929  000.002  000.002: sourcing nvim_exec2() called at /home/frerebo/.config/nvim/init.lua:0
050.944  000.002  000.002: sourcing nvim_exec2() called at /home/frerebo/.config/nvim/init.lua:0
050.954  000.002  000.002: sourcing nvim_exec2() called at /home/frerebo/.config/nvim/init.lua:0
050.972  000.002  000.002: sourcing nvim_exec2() called at /home/frerebo/.config/nvim/init.lua:0
050.991  000.002  000.002: sourcing nvim_exec2() called at /home/frerebo/.config/nvim/init.lua:0
051.002  000.002  000.002: sourcing nvim_exec2() called at /home/frerebo/.config/nvim/init.lua:0
051.012  000.002  000.002: sourcing nvim_exec2() called at /home/frerebo/.config/nvim/init.lua:0
051.030  000.002  000.002: sourcing nvim_exec2() called at /home/frerebo/.config/nvim/init.lua:0
051.045  000.002  000.002: sourcing nvim_exec2() called at /home/frerebo/.config/nvim/init.lua:0
051.056  000.002  000.002: sourcing nvim_exec2() called at /home/frerebo/.config/nvim/init.lua:0
051.067  000.002  000.002: sourcing nvim_exec2() called at /home/frerebo/.config/nvim/init.lua:0
052.302  000.018  000.018: sourcing /home/frerebo/.local/share/nvim/lazy/highlight-current-n.nvim/plugin/highlight_current_n.vim
052.307  000.056  000.038: sourcing nvim_exec2() called at /home/frerebo/.config/nvim/init.lua:0
052.313  000.002  000.002: sourcing nvim_exec2() called at /home/frerebo/.config/nvim/init.lua:0
052.327  000.001  000.001: sourcing nvim_exec2() called at /home/frerebo/.config/nvim/init.lua:0
054.179  000.039  000.039: require('vim.treesitter.language')
054.213  000.031  000.031: require('vim.func')
054.251  000.036  000.036: require('vim.treesitter._range')
054.291  000.037  000.037: require('vim.func._memoize')
054.316  000.237  000.095: require('vim.treesitter.query')
054.329  000.321  000.084: require('vim.treesitter.languagetree')
054.334  000.380  000.059: require('vim.treesitter')
054.337  000.440  000.060: require('nvim-treesitter.compat')
055.242  000.800  000.800: require('nvim-treesitter.parsers')
055.311  000.065  000.065: require('nvim-treesitter.utils')
055.317  000.929  000.064: require('nvim-treesitter.ts_utils')
055.321  000.983  000.053: require('nvim-treesitter.tsrange')
055.364  000.042  000.042: require('nvim-treesitter.caching')
055.373  001.640  000.175: require('nvim-treesitter.query')
055.383  001.880  000.240: require('nvim-treesitter.configs')
055.385  002.307  000.427: require('nvim-treesitter-textobjects')
055.600  000.046  000.046: require('nvim-treesitter.info')
055.661  000.058  000.058: require('nvim-treesitter.shell_command_selectors')
055.677  000.213  000.110: require('nvim-treesitter.install')
055.717  000.039  000.039: require('nvim-treesitter.statusline')
055.768  000.049  000.049: require('nvim-treesitter.query_predicates')
055.770  000.384  000.083: require('nvim-treesitter')
055.867  000.040  000.040: require('nvim-treesitter.textobjects.shared')
055.871  000.090  000.050: require('nvim-treesitter.textobjects.select')
055.986  000.034  000.034: require('nvim-treesitter.textobjects.attach')
056.042  000.054  000.054: require('nvim-treesitter.textobjects.repeatable_move')
056.053  000.158  000.070: require('nvim-treesitter.textobjects.move')
056.544  000.062  000.062: require('nvim-treesitter.textobjects.swap')
056.711  000.057  000.057: require('nvim-treesitter.textobjects.lsp_interop')
056.795  003.733  000.677: sourcing /home/frerebo/.local/share/nvim/lazy/nvim-treesitter-textobjects/plugin/nvim-treesitter-textobjects.vim
056.801  003.788  000.055: sourcing nvim_exec2() called at /home/frerebo/.config/nvim/init.lua:0
056.810  000.002  000.002: sourcing nvim_exec2() called at /home/frerebo/.config/nvim/init.lua:0
056.822  000.001  000.001: sourcing nvim_exec2() called at /home/frerebo/.config/nvim/init.lua:0
057.305  000.430  000.430: sourcing /home/frerebo/.local/share/nvim/lazy/nvim-treesitter/plugin/nvim-treesitter.lua
057.312  000.464  000.034: sourcing nvim_exec2() called at /home/frerebo/.config/nvim/init.lua:0
057.320  000.002  000.002: sourcing nvim_exec2() called at /home/frerebo/.config/nvim/init.lua:0
057.341  000.001  000.001: sourcing nvim_exec2() called at /home/frerebo/.config/nvim/init.lua:0
057.624  000.162  000.162: require('nvim-treesitter.highlight')
057.772  000.060  000.060: require('nvim-treesitter.indent')
057.907  000.048  000.048: require('nvim-treesitter.locals')
057.912  000.103  000.054: require('nvim-treesitter.incremental_selection')
058.027  000.004  000.004: sourcing nvim_exec2() called at /home/frerebo/.config/nvim/init.lua:0
058.108  000.017  000.017: sourcing /home/frerebo/.local/share/nvim/lazy/kmonad-vim/ftdetect/kbd.vim
058.111  000.048  000.032: sourcing nvim_exec2() called at /home/frerebo/.config/nvim/init.lua:0
058.123  000.001  000.001: sourcing nvim_exec2() called at /home/frerebo/.config/nvim/init.lua:0
058.772  000.033  000.033: require('Comment.config')
058.871  000.058  000.058: require('Comment.ft')
058.875  000.101  000.043: require('Comment.utils')
058.910  000.034  000.034: require('Comment.opfunc')
058.942  000.030  000.030: require('Comment.extra')
058.945  000.466  000.267: require('Comment.api')
058.988  000.552  000.086: sourcing /home/frerebo/.local/share/nvim/lazy/Comment.nvim/plugin/Comment.lua
058.993  000.583  000.032: sourcing nvim_exec2() called at /home/frerebo/.config/nvim/init.lua:0
059.010  000.003  000.003: sourcing nvim_exec2() called at /home/frerebo/.config/nvim/init.lua:0
059.038  000.001  000.001: sourcing nvim_exec2() called at /home/frerebo/.config/nvim/init.lua:0
059.184  000.043  000.043: require('Comment')
059.427  000.089  000.089: sourcing /home/frerebo/.local/share/nvim/lazy/vim-startify/plugin/startify.vim
059.432  000.122  000.033: sourcing nvim_exec2() called at /home/frerebo/.config/nvim/init.lua:0
059.438  000.002  000.002: sourcing nvim_exec2() called at /home/frerebo/.config/nvim/init.lua:0
059.448  000.001  000.001: sourcing nvim_exec2() called at /home/frerebo/.config/nvim/init.lua:0
059.762  000.012  000.012: sourcing /home/frerebo/.local/share/nvim/lazy/firenvim/plugin/firenvim.vim
059.766  000.043  000.031: sourcing nvim_exec2() called at /home/frerebo/.config/nvim/init.lua:0
059.771  000.001  000.001: sourcing nvim_exec2() called at /home/frerebo/.config/nvim/init.lua:0
059.780  000.001  000.001: sourcing nvim_exec2() called at /home/frerebo/.config/nvim/init.lua:0
060.294  000.003  000.003: sourcing nvim_exec2() called at /home/frerebo/.config/nvim/init.lua:0
060.303  000.001  000.001: sourcing nvim_exec2() called at /home/frerebo/.config/nvim/init.lua:0
060.802  000.188  000.188: sourcing /home/frerebo/.local/share/nvim/lazy/telescope.nvim/plugin/telescope.lua
060.808  000.220  000.032: sourcing nvim_exec2() called at /home/frerebo/.config/nvim/init.lua:0
060.815  000.002  000.002: sourcing nvim_exec2() called at /home/frerebo/.config/nvim/init.lua:0
060.824  000.001  000.001: sourcing nvim_exec2() called at /home/frerebo/.config/nvim/init.lua:0
061.287  000.031  000.031: require('gptmodels.constants')
061.292  000.369  000.338: require('gptmodels.util')
061.299  000.408  000.039: sourcing /home/frerebo/.local/share/nvim/lazy/GPTModels.nvim/plugin/init.lua
061.303  000.443  000.035: sourcing nvim_exec2() called at /home/frerebo/.config/nvim/init.lua:0
061.309  000.003  000.003: sourcing nvim_exec2() called at /home/frerebo/.config/nvim/init.lua:0
061.319  000.001  000.001: sourcing nvim_exec2() called at /home/frerebo/.config/nvim/init.lua:0
062.264  000.765  000.765: sourcing /home/frerebo/.local/share/nvim/lazy/vim-fugitive/plugin/fugitive.vim
062.270  000.809  000.044: sourcing nvim_exec2() called at /home/frerebo/.config/nvim/init.lua:0
062.277  000.002  000.002: sourcing nvim_exec2() called at /home/frerebo/.config/nvim/init.lua:0
062.359  000.010  000.010: sourcing /home/frerebo/.local/share/nvim/lazy/vim-fugitive/ftdetect/fugitive.vim
062.362  000.049  000.039: sourcing nvim_exec2() called at /home/frerebo/.config/nvim/init.lua:0
062.367  000.001  000.001: sourcing nvim_exec2() called at /home/frerebo/.config/nvim/init.lua:0
062.705  000.003  000.003: sourcing nvim_exec2() called at /home/frerebo/.config/nvim/init.lua:0
062.714  000.001  000.001: sourcing nvim_exec2() called at /home/frerebo/.config/nvim/init.lua:0
063.160  000.042  000.042: require('gitsigns.async')
063.203  000.040  000.040: require('gitsigns.debug.log')
063.283  000.078  000.078: require('gitsigns.config')
063.286  000.525  000.365: require('gitsigns')
063.553  000.072  000.072: require('gitsigns.highlight')
063.947  000.044  000.044: require('gitsigns.debounce')
064.175  000.087  000.087: sourcing /home/frerebo/.local/share/nvim/lazy/vim-rhubarb/plugin/rhubarb.vim
064.180  000.138  000.052: sourcing nvim_exec2() called at /home/frerebo/.config/nvim/init.lua:0
064.187  000.001  000.001: sourcing nvim_exec2() called at /home/frerebo/.config/nvim/init.lua:0
064.197  000.001  000.001: sourcing nvim_exec2() called at /home/frerebo/.config/nvim/init.lua:0
064.663  000.062  000.062: sourcing /home/frerebo/.local/share/nvim/lazy/smart-splits.nvim/plugin/init.lua
064.668  000.101  000.039: sourcing nvim_exec2() called at /home/frerebo/.config/nvim/init.lua:0
065.183  000.048  000.048: require('smart-splits.types')
065.270  000.040  000.040: require('smart-splits.lazy')
065.282  000.094  000.053: require('smart-splits')
065.291  000.531  000.389: require('smart-splits.commands')
065.510  000.055  000.055: require('smart-splits.mux.utils')
065.518  000.123  000.068: require('smart-splits.config')
065.644  000.049  000.049: require('smart-splits.log.file')
065.700  000.050  000.050: require('smart-splits.log.async')
065.707  000.180  000.082: require('smart-splits.log')
065.869  000.063  000.063: require('smart-splits.mux')
065.943  000.070  000.070: require('smart-splits.mux.wezterm')
066.031  000.038  000.038: sourcing /home/frerebo/.local/share/nvim/lazy/smart-splits.nvim/autoload/smart_splits.vim
066.187  001.456  000.451: sourcing /home/frerebo/.local/share/nvim/lazy/smart-splits.nvim/plugin/smart-splits.lua
066.191  001.492  000.036: sourcing nvim_exec2() called at /home/frerebo/.config/nvim/init.lua:0
066.198  000.002  000.002: sourcing nvim_exec2() called at /home/frerebo/.config/nvim/init.lua:0
066.209  000.001  000.001: sourcing nvim_exec2() called at /home/frerebo/.config/nvim/init.lua:0
066.753  000.384  000.384: sourcing /home/frerebo/.local/share/nvim/lazy/vim-sleuth/plugin/sleuth.vim
066.759  000.421  000.037: sourcing nvim_exec2() called at /home/frerebo/.config/nvim/init.lua:0
066.766  000.001  000.001: sourcing nvim_exec2() called at /home/frerebo/.config/nvim/init.lua:0
066.778  000.001  000.001: sourcing nvim_exec2() called at /home/frerebo/.config/nvim/init.lua:0
067.613  000.364  000.364: require('rainbow-delimiters.config')
067.690  000.073  000.073: require('rainbow-delimiters.log')
067.789  000.035  000.035: require('rainbow-delimiters.util')
067.795  000.104  000.069: require('rainbow-delimiters.lib')
067.965  000.038  000.038: require('rainbow-delimiters.stack')
068.050  000.037  000.037: require('rainbow-delimiters.set')
068.055  000.088  000.051: require('rainbow-delimiters.match-tree')
068.058  000.180  000.053: require('rainbow-delimiters.strategy.global.current')
068.059  000.222  000.042: require('rainbow-delimiters.strategy.global')
068.066  000.267  000.045: require('rainbow-delimiters.default')
068.092  000.893  000.086: sourcing /home/frerebo/.local/share/nvim/lazy/rainbow-delimiters.nvim/plugin/rainbow-delimiters.lua
068.097  000.932  000.039: sourcing nvim_exec2() called at /home/frerebo/.config/nvim/init.lua:0
068.104  000.003  000.003: sourcing nvim_exec2() called at /home/frerebo/.config/nvim/init.lua:0
068.114  000.001  000.001: sourcing nvim_exec2() called at /home/frerebo/.config/nvim/init.lua:0
068.331  000.048  000.048: sourcing /home/frerebo/installations/nvim-linux-x86_64/share/nvim/runtime/plugin/editorconfig.lua
068.335  000.087  000.040: sourcing nvim_exec2() called at /home/frerebo/.config/nvim/init.lua:0
068.537  000.167  000.167: sourcing /home/frerebo/installations/nvim-linux-x86_64/share/nvim/runtime/plugin/gzip.vim
068.546  000.203  000.037: sourcing nvim_exec2() called at /home/frerebo/.config/nvim/init.lua:0
068.653  000.055  000.055: sourcing /home/frerebo/installations/nvim-linux-x86_64/share/nvim/runtime/plugin/man.lua
068.657  000.104  000.049: sourcing nvim_exec2() called at /home/frerebo/.config/nvim/init.lua:0
069.405  000.148  000.148: sourcing /home/frerebo/installations/nvim-linux-x86_64/share/nvim/runtime/pack/dist/opt/matchit/plugin/matchit.vim
069.429  000.732  000.584: sourcing /home/frerebo/installations/nvim-linux-x86_64/share/nvim/runtime/plugin/matchit.vim
069.432  000.771  000.038: sourcing nvim_exec2() called at /home/frerebo/.config/nvim/init.lua:0
069.592  000.113  000.113: sourcing /home/frerebo/installations/nvim-linux-x86_64/share/nvim/runtime/plugin/matchparen.vim
069.597  000.157  000.044: sourcing nvim_exec2() called at /home/frerebo/.config/nvim/init.lua:0
069.658  000.009  000.009: sourcing /home/frerebo/installations/nvim-linux-x86_64/share/nvim/runtime/plugin/netrwPlugin.vim
069.661  000.049  000.040: sourcing nvim_exec2() called at /home/frerebo/.config/nvim/init.lua:0
069.756  000.057  000.057: sourcing /home/frerebo/installations/nvim-linux-x86_64/share/nvim/runtime/plugin/nvim/net.lua
069.760  000.095  000.038: sourcing nvim_exec2() called at /home/frerebo/.config/nvim/init.lua:0
069.842  000.041  000.041: sourcing /home/frerebo/installations/nvim-linux-x86_64/share/nvim/runtime/plugin/nvim/spellfile.lua
069.846  000.078  000.038: sourcing nvim_exec2() called at /home/frerebo/.config/nvim/init.lua:0
069.928  000.049  000.049: sourcing /home/frerebo/installations/nvim-linux-x86_64/share/nvim/runtime/plugin/osc52.lua
069.932  000.082  000.032: sourcing nvim_exec2() called at /home/frerebo/.config/nvim/init.lua:0
070.085  000.120  000.120: sourcing /home/frerebo/installations/nvim-linux-x86_64/share/nvim/runtime/plugin/rplugin.vim
070.097  000.161  000.042: sourcing nvim_exec2() called at /home/frerebo/.config/nvim/init.lua:0
070.251  000.103  000.103: sourcing /home/frerebo/installations/nvim-linux-x86_64/share/nvim/runtime/plugin/shada.lua
070.256  000.137  000.034: sourcing nvim_exec2() called at /home/frerebo/.config/nvim/init.lua:0
070.385  000.081  000.081: sourcing /home/frerebo/installations/nvim-linux-x86_64/share/nvim/runtime/plugin/tarPlugin.vim
070.389  000.126  000.045: sourcing nvim_exec2() called at /home/frerebo/.config/nvim/init.lua:0
070.547  000.114  000.114: sourcing /home/frerebo/installations/nvim-linux-x86_64/share/nvim/runtime/plugin/tohtml.lua
070.558  000.163  000.050: sourcing nvim_exec2() called at /home/frerebo/.config/nvim/init.lua:0
070.628  000.021  000.021: sourcing /home/frerebo/installations/nvim-linux-x86_64/share/nvim/runtime/plugin/tutor.vim
070.631  000.066  000.045: sourcing nvim_exec2() called at /home/frerebo/.config/nvim/init.lua:0
070.800  000.132  000.132: sourcing /home/frerebo/installations/nvim-linux-x86_64/share/nvim/runtime/plugin/zipPlugin.vim
070.804  000.165  000.033: sourcing nvim_exec2() called at /home/frerebo/.config/nvim/init.lua:0
071.093  000.048  000.048: sourcing /home/frerebo/.local/share/nvim/lazy/cmp-nvim-lsp/after/plugin/cmp_nvim_lsp.lua
071.098  000.097  000.050: sourcing nvim_exec2() called at /home/frerebo/.config/nvim/init.lua:0
071.134  067.549  018.393: require('frerebo.lazy')
071.302  000.010  000.010: sourcing nvim_exec2() called at /home/frerebo/.config/nvim/init.lua:0
071.366  000.181  000.170: require('frerebo.core.options')
071.915  000.120  000.120: require('telescope.builtin')
072.017  000.011  000.011: sourcing nvim_exec2() called at /home/frerebo/.config/nvim/init.lua:0
072.041  000.673  000.542: require('frerebo.core.mappings')
072.122  000.006  000.006: sourcing nvim_exec2() called at /home/frerebo/.config/nvim/init.lua:0
072.128  000.003  000.003: sourcing nvim_exec2() called at /home/frerebo/.config/nvim/init.lua:0
072.130  000.001  000.001: sourcing nvim_exec2() called at /home/frerebo/.config/nvim/init.lua:0
072.134  000.002  000.002: sourcing nvim_exec2() called at /home/frerebo/.config/nvim/init.lua:0
072.140  000.004  000.004: sourcing nvim_exec2() called at /home/frerebo/.config/nvim/init.lua:0
072.152  000.008  000.008: sourcing nvim_exec2() called at /home/frerebo/.config/nvim/init.lua:0
072.163  000.009  000.009: sourcing nvim_exec2() called at /home/frerebo/.config/nvim/init.lua:0
072.169  000.003  000.003: sourcing nvim_exec2() called at /home/frerebo/.config/nvim/init.lua:0
072.173  000.002  000.002: sourcing nvim_exec2() called at /home/frerebo/.config/nvim/init.lua:0
072.175  000.133  000.093: require('frerebo.core.autocmds')
072.984  000.191  000.191: require('plenary.strings')
073.075  000.089  000.089: require('telescope.deprecated')
073.312  000.127  000.127: require('telescope.log')
073.835  000.091  000.091: require('plenary.compat')
073.850  000.279  000.188: require('plenary.job')
073.910  000.058  000.058: require('telescope.state')
073.939  000.624  000.288: require('telescope.utils')
073.949  000.872  000.120: require('telescope.sorters')
076.753  004.196  003.045: require('telescope.config')
077.020  000.127  000.127: require('plenary.window.border')
077.091  000.068  000.068: require('plenary.window')
077.183  000.057  000.057: require('plenary.popup.utils')
077.190  000.432  000.181: require('plenary.popup')
077.255  000.063  000.063: require('telescope.pickers.scroller')
077.317  000.060  000.060: require('telescope.actions.state')
077.396  000.077  000.077: require('telescope.actions.utils')
077.603  000.106  000.106: require('telescope.actions.mt')
077.641  000.243  000.137: require('telescope.actions.set')
077.787  000.086  000.086: require('telescope.config.resolve')
077.791  000.149  000.063: require('telescope.pickers.entry_display')
077.853  000.060  000.060: require('telescope.from_entry')
078.284  006.035  000.753: require('telescope.actions')
078.419  000.068  000.068: require('telescope._extensions')
078.422  000.136  000.068: require('telescope')
079.543  007.366  001.196: require('frerebo.core.tele')
079.546  008.409  000.057: require('frerebo.core')
080.182  076.677  000.719: sourcing /home/frerebo/.config/nvim/init.lua
080.194  000.642: sourcing vimrc file(s)
080.512  000.079  000.079: sourcing /home/frerebo/installations/nvim-linux-x86_64/share/nvim/runtime/filetype.lua
080.831  000.065  000.065: sourcing /home/frerebo/installations/nvim-linux-x86_64/share/nvim/runtime/syntax/synload.vim
080.933  000.334  000.269: sourcing /home/frerebo/installations/nvim-linux-x86_64/share/nvim/runtime/syntax/syntax.vim
080.949  000.341: inits 3
083.269  002.320: reading ShaDa
120243.668  120160.400: --- NVIM STARTED ---

